// Jest Snapshot v1, https://goo.gl/fbAQLP

exports[`Test features: Example Snapshot 1`] = `
<div>
  <head>
    <title>
      Example
    </title>
    <meta
      content="IE=edge,chrome=1"
      http-equiv="X-UA-Compatible"
    />
    <meta
      content="width=device-width, initial-scale=1.0, user-scalable=no"
      name="viewport"
    />
  </head>
</div>
`;
